
> prebuild
> node scripts/clean-route-tree.mjs


> build
> vite build

vite v7.3.2 building client environment for production...
transforming...
✓ 2713 modules transformed.
rendering chunks...
computing gzip size...
dist/client/.assetsignore                                                     0.02 kB
dist/client/assets/balloon-BQI8y_we.jpg                                      68.46 kB
dist/client/assets/lion-B63OfMVk.jpeg                                        77.25 kB
dist/client/assets/scenery-DPrAcT5s.jpeg                                     85.55 kB
dist/client/assets/buffalo-2ak0Kxiq.jpeg                                     88.54 kB
dist/client/assets/night-1Cq67s59.jpg                                       107.30 kB
dist/client/assets/tent-BuRrFbm-.jpg                                        114.74 kB
dist/client/assets/giraffe-dj3499i_.jpeg                                    122.25 kB
dist/client/assets/cheetah-CTS3iFsp.jpeg                                    126.67 kB
dist/client/assets/migration-Bb3Kgaif.jpg                                   147.42 kB
dist/client/assets/zebra-D803SSgd.jpeg                                      190.10 kB
dist/client/assets/hero-serengeti-DPpSVuse.jpg                              197.15 kB
dist/client/assets/lodge-jDoIdH-h.jpg                                       207.10 kB
dist/client/assets/giraffe2-BJ3r9YEW.jpeg                                   212.32 kB
dist/client/assets/zebra_and_gazelle-U-r1eSCn.jpeg                          239.13 kB
dist/client/assets/elephant-KZYxuKfe.jpeg                                   267.32 kB
dist/client/assets/hippo-CerlFoai.jpeg                                      439.98 kB
dist/client/assets/big5-Be--dc7j.jpeg                                       466.75 kB
dist/client/assets/WhatsApp Video 2026-05-19 at 9.36.28 AM-CwXbsx_1.mp4  47,792.32 kB
dist/client/assets/OSMMapPanel-CIGW-MKW.css                                  15.61 kB │ gzip:   6.46 kB
dist/client/assets/styles-BKprj6E_.css                                      105.50 kB │ gzip:  16.89 kB
dist/client/assets/favourites-DxdGYUvX.js                                     0.12 kB │ gzip:   0.13 kB
dist/client/assets/plus-1jHu9z2j.js                                           0.17 kB │ gzip:   0.16 kB
dist/client/assets/clock-D0G2XNZF.js                                          0.18 kB │ gzip:   0.17 kB
dist/client/assets/arrow-right-5PpcZNFn.js                                    0.18 kB │ gzip:   0.17 kB
dist/client/assets/search-H_SeZv8_.js                                         0.18 kB │ gzip:   0.18 kB
dist/client/assets/circle-check-BiFhvk25.js                                   0.19 kB │ gzip:   0.18 kB
dist/client/assets/user-DchpM3M7.js                                           0.20 kB │ gzip:   0.19 kB
dist/client/assets/lock-BqEHUxDd.js                                           0.21 kB │ gzip:   0.20 kB
dist/client/assets/mail-Dxu0H6Z5.js                                           0.23 kB │ gzip:   0.21 kB
dist/client/assets/dollar-sign-DQfJSGxx.js                                    0.23 kB │ gzip:   0.20 kB
dist/client/assets/circle-alert-wnsLMzal.js                                   0.26 kB │ gzip:   0.20 kB
dist/client/assets/eye-B3gsV7yP.js                                            0.26 kB │ gzip:   0.21 kB
dist/client/assets/map-pin-CGHFpf4m.js                                        0.27 kB │ gzip:   0.23 kB
dist/client/assets/calendar-C9lhD1c5.js                                       0.27 kB │ gzip:   0.22 kB
dist/client/assets/zap-DJBmDxE5.js                                            0.27 kB │ gzip:   0.22 kB
dist/client/assets/triangle-alert-0bC7CqE-.js                                 0.28 kB │ gzip:   0.23 kB
dist/client/assets/users-DIkrIEul.js                                          0.32 kB │ gzip:   0.24 kB
dist/client/assets/sparkles-D8i1cUUj.js                                       0.51 kB │ gzip:   0.29 kB
dist/client/assets/qr-code-BhS5AJen.js                                        0.66 kB │ gzip:   0.32 kB
dist/client/assets/createLucideIcon-BP6jWW3L.js                               1.20 kB │ gzip:   0.69 kB
dist/client/assets/useMutation-CgbLvYBO.js                                    2.20 kB │ gzip:   0.91 kB
dist/client/assets/register-EWbVnq3T.js                                       3.36 kB │ gzip:   1.53 kB
dist/client/assets/maps-Dzc9erCt.js                                           3.57 kB │ gzip:   1.48 kB
dist/client/assets/field-guide-Db0ZT1P-.js                                    3.89 kB │ gzip:   1.78 kB
dist/client/assets/bookings-o28mQFp2.js                                       3.93 kB │ gzip:   1.40 kB
dist/client/assets/favorites-CAYZZqux.js                                      3.95 kB │ gzip:   1.58 kB
dist/client/assets/explore-catalog-Dl-9E9kW.js                                4.03 kB │ gzip:   1.75 kB
dist/client/assets/login-BA43TDn4.js                                          4.18 kB │ gzip:   1.77 kB
dist/client/assets/notifications-DY74FqR-.js                                  4.42 kB │ gzip:   1.68 kB
dist/client/assets/events-B3jojy9O.js                                         4.57 kB │ gzip:   1.71 kB
dist/client/assets/tour-packages-BSuQHq8o.js                                  4.69 kB │ gzip:   1.76 kB
dist/client/assets/profile-rw8C0-FV.js                                        4.96 kB │ gzip:   1.77 kB
dist/client/assets/feedback-D8QR5H9d.js                                       5.05 kB │ gzip:   1.77 kB
dist/client/assets/sos-Bzi3yTgU.js                                            5.05 kB │ gzip:   2.29 kB
dist/client/assets/kiosk-preferences-DP05mDNC.js                              5.49 kB │ gzip:   1.86 kB
dist/client/assets/accommodations-C7-uts4x.js                                 5.77 kB │ gzip:   2.16 kB
dist/client/assets/settings-t0tzfNM1.js                                       6.14 kB │ gzip:   1.71 kB
dist/client/assets/index-AXdWG-Nb.js                                          6.37 kB │ gzip:   1.96 kB
dist/client/assets/transport-p0TiGIEI.js                                      6.68 kB │ gzip:   1.84 kB
dist/client/assets/explore._attractionId-Dqtbd7-d.js                          6.76 kB │ gzip:   2.32 kB
dist/client/assets/explore-BNjACy8J.js                                        7.77 kB │ gzip:   3.07 kB
dist/client/assets/useQuery-lcdOOcOv.js                                       8.82 kB │ gzip:   3.21 kB
dist/client/assets/itinerary-B9d4OELH.js                                     12.67 kB │ gzip:   3.88 kB
dist/client/assets/SiteFooter-BTaze7Vs.js                                    30.40 kB │ gzip:  10.11 kB
dist/client/assets/OSMMapPanel-qbgOZO-Z.js                                  159.88 kB │ gzip:  47.16 kB
dist/client/assets/index-DX4Xra2r.js                                        429.47 kB │ gzip: 134.82 kB
dist/client/assets/business-dashboard-BXAjCciv.js                           503.36 kB │ gzip: 138.34 kB

(!) Some chunks are larger than 500 kB after minification. Consider:
- Using dynamic import() to code-split the application
- Use build.rollupOptions.output.manualChunks to improve chunking: https://rollupjs.org/configuration-options/#output-manualchunks
- Adjust chunk size limit for this warning via build.chunkSizeWarningLimit.
✓ built in 19.06s
vite v7.3.2 building ssr environment for production...
transforming...
✓ 2762 modules transformed.
rendering chunks...
Using secrets defined in .env
dist/server/.dev.vars                                                         0.04 kB
dist/server/wrangler.json                                                     1.32 kB
dist/server/.vite/manifest.json                                              22.54 kB
dist/server/assets/balloon-BQI8y_we.jpg                                      68.46 kB
dist/server/assets/lion-B63OfMVk.jpeg                                        77.25 kB
dist/server/assets/scenery-DPrAcT5s.jpeg                                     85.55 kB
dist/server/assets/buffalo-2ak0Kxiq.jpeg                                     88.54 kB
dist/server/assets/night-1Cq67s59.jpg                                       107.30 kB
dist/server/assets/tent-BuRrFbm-.jpg                                        114.74 kB
dist/server/assets/giraffe-dj3499i_.jpeg                                    122.25 kB
dist/server/assets/cheetah-CTS3iFsp.jpeg                                    126.67 kB
dist/server/assets/migration-Bb3Kgaif.jpg                                   147.42 kB
dist/server/assets/zebra-D803SSgd.jpeg                                      190.10 kB
dist/server/assets/hero-serengeti-DPpSVuse.jpg                              197.15 kB
dist/server/assets/lodge-jDoIdH-h.jpg                                       207.10 kB
dist/server/assets/giraffe2-BJ3r9YEW.jpeg                                   212.32 kB
dist/server/assets/zebra_and_gazelle-U-r1eSCn.jpeg                          239.13 kB
dist/server/assets/elephant-KZYxuKfe.jpeg                                   267.32 kB
dist/server/assets/hippo-CerlFoai.jpeg                                      439.98 kB
dist/server/assets/big5-Be--dc7j.jpeg                                       466.75 kB
dist/server/assets/WhatsApp Video 2026-05-19 at 9.36.28 AM-CwXbsx_1.mp4  47,792.32 kB
dist/server/assets/OSMMapPanel-CIGW-MKW.css                                  15.61 kB
dist/server/assets/styles-BKprj6E_.css                                      105.50 kB
dist/server/index.js                                                          0.10 kB
dist/server/assets/__23tanstack-start-plugin-adapters-Cwee5PKy.js             0.14 kB
dist/server/assets/plus-CH7bqY1L.js                                           0.26 kB
dist/server/assets/clock-BgJGbvHt.js                                          0.28 kB
dist/server/assets/arrow-right-DCfyUZk6.js                                    0.29 kB
dist/server/assets/search-nQ27vKWb.js                                         0.29 kB
dist/server/assets/circle-check-C9uv9HgZ.js                                   0.31 kB
dist/server/assets/user-7KlwrcW0.js                                           0.31 kB
dist/server/assets/lock-C7Of1YL-.js                                           0.33 kB
dist/server/assets/mail-CdEUjdZZ.js                                           0.33 kB
dist/server/assets/dollar-sign-DIkm7Cst.js                                    0.35 kB
dist/server/assets/favourites-Dathm7FD.js                                     0.35 kB
dist/server/assets/zap-Dq1Jbo0z.js                                            0.39 kB
dist/server/assets/eye-DhA5Gcjv.js                                            0.40 kB
dist/server/assets/circle-alert-ZcWspVBS.js                                   0.40 kB
dist/server/assets/calendar-DeyY_G2w.js                                       0.40 kB
dist/server/assets/map-pin-DGTbS3ql.js                                        0.40 kB
dist/server/assets/triangle-alert-Bqbn4gt9.js                                 0.43 kB
dist/server/assets/users-GdklLnU6.js                                          0.44 kB
dist/server/assets/sparkles-BFhHLGfs.js                                       0.66 kB
dist/server/assets/qr-code-BMas7-lt.js                                        0.88 kB
dist/server/assets/start-YwpUwrk9.js                                          2.02 kB
dist/server/assets/createLucideIcon-8ch3RADP.js                               2.27 kB
dist/server/assets/useMutation-BHxtpbmc.js                                    4.95 kB
dist/server/assets/register-CTqpE1Ac.js                                       5.35 kB
dist/server/assets/explore-catalog-CLEp9AKm.js                                5.93 kB
dist/server/assets/field-guide-Cp4q6Sk9.js                                    5.98 kB
dist/server/assets/maps-BzC-GffO.js                                           6.04 kB
dist/server/assets/login-D4BlhW9S.js                                          6.48 kB
dist/server/assets/favorites-DjLssdro.js                                      6.52 kB
dist/server/assets/bookings-B1gnfwwb.js                                       6.72 kB
dist/server/assets/events-rvQpyxwL.js                                         7.32 kB
dist/server/assets/tour-packages-069bLJlw.js                                  7.75 kB
dist/server/assets/notifications-BGbf_ow3.js                                  7.85 kB
dist/server/assets/feedback-CJ3H3T_k.js                                       8.02 kB
dist/server/assets/sos-BfXSXycI.js                                            8.16 kB
dist/server/assets/profile-uXV9zGNX.js                                        8.52 kB
dist/server/assets/kiosk-preferences-CXVliW7t.js                              9.27 kB
dist/server/assets/accommodations-B0QBxKUY.js                                 9.47 kB
dist/server/assets/index-CDMnE-xg.js                                         10.24 kB
dist/server/assets/_tanstack-start-manifest_v-Du-Zzfep.js                    10.34 kB
dist/server/assets/settings-e29vE9lZ.js                                      10.75 kB
dist/server/assets/transport-Q7WKiBs3.js                                     11.70 kB
dist/server/assets/explore._attractionId-DKT6X-qx.js                         12.79 kB
dist/server/assets/explore-CP_m_aXl.js                                       12.81 kB
dist/server/assets/itinerary-BS9y3ZSL.js                                     20.77 kB
dist/server/assets/worker-entry-BwbIYqqk.js                                  21.30 kB
dist/server/assets/useQuery-BtFStkjk.js                                      21.66 kB
dist/server/assets/SiteFooter-BuGqkIpA.js                                    57.90 kB
dist/server/assets/router-CCVSzUl3.js                                       282.97 kB
dist/server/assets/OSMMapPanel-CFD0PS70.js                                  408.98 kB
dist/server/assets/server-toaIGCL7.js                                       719.25 kB
dist/server/assets/business-dashboard--52aZhd2.js                         1,108.90 kB
✓ built in 16.05s
